{"S3OutputPath":"s3://sagemaker-us-east-1-667232328135/tests/simple-sagemaker-example_2020-10-04-08-26-58_py38/Task1/Task1-2020-10-04-08-27-41-OfVYqRYG/debug-output","LocalPath":"/opt/ml/output/tensors","HookParameters":null,"CollectionConfigurations":null}