{"arg2":"\"hello\"","sagemaker_container_log_level":"20","sagemaker_program":"\"algo.py\"","arg1":"5","sagemaker_region":"\"us-east-1\"","sagemaker_job_name":"\"Task1-2020-10-04-08-27-41-OfVYqRYG\"","sagemaker_submit_directory":"\"s3://sagemaker-us-east-1-667232328135/tests/simple-sagemaker-example_2020-10-04-08-26-58_py38/Task1/Task1-2020-10-04-08-27-41-OfVYqRYG/source/sourcedir.tar.gz\""}